<html>
<body>
<pre>
<h1>µVision Build Log</h1>
<h2>Tool Versions:</h2>
IDE-Version: µVision V5.37.0.0
Copyright (C) 2022 ARM Ltd and ARM Germany GmbH. All rights reserved.
License Information: abc abc, abc, LIC=9WSKC-7IJHZ-CX7U6-DNDMB-A9NMU-52G4Y
 
Tool Versions:
Toolchain:       MDK-ARM Plus  Version: 5.37.0.0
Toolchain Path:  C:\Keil_v5\ARM\ARMCC\Bin
C Compiler:      Armcc.exe V5.06 update 2 (build 183)
Assembler:       Armasm.exe V5.06 update 2 (build 183)
Linker/Locator:  ArmLink.exe V5.06 update 2 (build 183)
Library Manager: ArmAr.exe V5.06 update 2 (build 183)
Hex Converter:   FromElf.exe V5.06 update 2 (build 183)
CPU DLL:         SARMCM3.DLL V5.37.0.0
Dialog DLL:      DCM.DLL V1.17.5.0
Target DLL:      STLink\ST-LINKIII-KEIL_SWO.dll V3.0.9.0
Dialog DLL:      TCM.DLL V1.56.1.0
 
<h2>Project:</h2>
D:\Github\OLED_Animation\oled test\MDK-ARM\oled test.uvprojx
Project File Date:  03/17/2024

<h2>Output:</h2>
*** Using Compiler 'V5.06 update 2 (build 183)', folder: 'C:\Keil_v5\ARM\ARMCC\Bin'
Build target 'oled test'
compiling main.c...
../Inc/ssd1306.h(240): warning:  #1295-D: Deprecated declaration ssd1306_I2C_Init - give arg types
  void ssd1306_I2C_Init();
../Src/main.c(134): warning:  #188-D: enumerated type mixed with another type
  	SSD1306_DrawLine(0,52,130,52,1);
../Src/main.c(141): warning:  #188-D: enumerated type mixed with another type
  		SSD1306_DrawFilledRectangle(20,10,30,i,1);
../Src/main.c(142): warning:  #188-D: enumerated type mixed with another type
  		SSD1306_DrawFilledRectangle(80,10,30,i,1);
../Src/main.c(149): warning:  #188-D: enumerated type mixed with another type
  		SSD1306_DrawFilledRectangle(20,10,30,i,0);
../Src/main.c(150): warning:  #188-D: enumerated type mixed with another type
  		SSD1306_DrawFilledRectangle(80,10,30,i,0);
../Src/main.c(64): warning:  #177-D: variable "bFirstTime" was declared but never referenced
  static bool bFirstTime,bBlinkFlag = FALSE;
../Src/main.c(64): warning:  #177-D: variable "bBlinkFlag" was declared but never referenced
  static bool bFirstTime,bBlinkFlag = FALSE;
../Src/main.c(66): warning:  #177-D: variable "ulCount" was declared but never referenced
  static uint32_t ulCount = 0;
../Src/main.c: 9 warnings, 0 errors
linking...
Program Size: Code=6326 RO-data=510 RW-data=60 ZI-data=2756  
FromELF: creating hex file...
"oled test\oled test.axf" - 0 Error(s), 9 Warning(s).

<h2>Software Packages used:</h2>

Package Vendor: ARM
                http://www.keil.com/pack/ARM.CMSIS.5.9.0.pack
                ARM.CMSIS.5.9.0
                CMSIS (Common Microcontroller Software Interface Standard)
   * Component: CORE Version: 5.6.0

Package Vendor: Keil
                https://www.keil.com/pack/Keil.STM32F4xx_DFP.2.17.1.pack
                Keil.STM32F4xx_DFP.2.17.1
                STMicroelectronics STM32F4 Series Device Support, Drivers and Examples

<h2>Collection of Component include folders:</h2>
  ./RTE/_oled_test
  C:/Users/manda/AppData/Local/Arm/Packs/ARM/CMSIS/5.9.0/CMSIS/Core/Include
  C:/Users/manda/AppData/Local/Arm/Packs/Keil/STM32F4xx_DFP/2.17.1/Drivers/CMSIS/Device/ST/STM32F4xx/Include

<h2>Collection of Component Files used:</h2>

   * Component: ARM::CMSIS:CORE:5.6.0
      Include file:  CMSIS/Core/Include/tz_context.h
Build Time Elapsed:  00:00:01
</pre>
</body>
</html>
